#model
Samsung Galaxy Tab 3 8.0
Microsoft Windows RT Tablet
Samsung Galaxy Note 3
LG L75C
Alcatel One Touch M'Pop
Samsung SCH-R720
Desktop Linux
Asus TF300T
Microsoft Xbox 360
Motorola Xoom
Samsung SGH-I747
Samsung GT I9000T
Apple iPhone 5
Windows PCs Mobile Hotspot
Apple iPod
Huawei M835
LG Optimus L7
HTC A510
Samsung Nexus One
Samsung SGH-T959V
HTC 6277
HTC Magic
HTC Windows 8X
Nokia Lumia 800
Samsung Galaxy S4
Apple iPad
Nokia Lumia 520
Samsung Nexus 7
LG AS870
Epivalley Mobile Phone
Unrecognized Android Device
Samsung Galaxy Chat
Apple iPhone 5C
HTC myTouch 4G Slide
Amazon Kindle Fire
HTC Vivid 4G
Pantech ADR8995 4G
Novatel MiFi 4510L
Samsung GT I9000
Apple iPhone 5S
Hero 9300+
HTC EVA V 4G
Samsung SGH-I997
Teclast A10
Apple MacBook
Samsung GT S5360L
Vivo X1St
Samsung Epic 4G Touch
Samsung Galaxy
Acer A100
LG Nexus 7
Lenovo A2109A
Samsung Galaxy S II
Motorola Droid X2
LG Optimus L9
HTC ADR6300 Incredible
Asus Eee Pad Transformer TF101
HTC Sensation
Samsung Galaxy Grand Duos
LG U8150
HiPhone A9660 Mini
Apple iPod Touch
HW M835
Motorola Xoom MZ604
Samsung SGH-T999
Nokia Lumia 625
HTC Desire HD
HTC Amaze 4G
Samsung Galaxy S III
Samsung SGH-I337
Samsung SGH-M919
RIM PlayBook
Samsung Galaxy Note II
Sony ST21a2
Acer A510
Apple iPhone
Oppo R815T
UNKNOWN
