#sp
spilgames.com
www.google-analytics.com
ads.adap.tv
j.slimg.com
i02.i.aliimg.com
netflix.com
nflxext.com
minus.com
px.steelhousemedia.com
cydia.angelxwind.net
redtubefiles.com
radar.weather.gov
batanga.com
nexage.com
bloglovin.com
pushwoosh.com
plugrush.com
akamai.com
ak1.abmr.net
elnuevodia.com
dnl-13.geo.kaspersky.com
images.outbrain.com
vms.boldchat.com
dell.com
www.hi5.com
rlcdn.com
userimages-akm.imvu.com
adtilt.com
leadboltapps.net
mocospace.com
skimresources.com
ustream.tv
chango.com
mopub.com
localytics.com
quantserve.com
gamestop.com
xhamster.com
dmtracking2.alibaba.com
ospserver.net
static.eus.avanquest.com
poll.pinger.com
api.vungle.com
x2.fjcdn.com
foursquare.com
sgn.com
livestream.com
dbruhn.de
evisos.com.pr
imvu.com
data.coremetrics.com
alerts.conduit-services.com
nudevector.com
cinescopia.com
omtrdc.net
ping.chartbeat.net
avast.com
casahaus.net
connecticutvalleybiological.com
aol.com
sugg.search.yahoo.net
sociomantic.com
smartbargains.com
img.mediaplex.com
nhl.com
zdworks.com
certona.img.pulsemgr.com
bcp.crwdcntrl.net
ocsp.digicert.com
appnexus.com
rfihub.com
lexity.com
adserver.juicyads.com
icarito.cl
use.typekit.net
vine.co
newrelic.com
c10080512.media-tid-q.cddb2.cddbp.net
nacion.com
notify1.dropbox.com
blogdefarmacia.com
smule.com
pornhub.com
familyguy.tinyco.com
trafficforce.com
lfstmedia.com
mydas.mobi
notify5.dropbox.com
trendico.ru
qwapi.com
socialpointgames.com
ponos.co.jp
spinchat.com
notify10.dropbox.com
metrics.hollisterco.com
widgets.outbrain.com
images.scoreloop.com
twitch.tv
aliexpress.com
simplereach.com
about.com
cas.ny.us.criteo.com
appspot.com
crowdstar.com
fwmrm.net
resultspage.com
static.storm8.com
pong.qubitproducts.com
pinger.com
kappboom.com
classistatic.com
api.mixpanel.com
internap.com
univision.i.lithium.com
switchads.com
my.com
k03.kn3.net
dis.criteo.com
sm8.sitemeter.com
tunein.com
papapearmobile.king.com
videarn.com
a20.skout.com
bwauto.com
t01.proximic.com
us.cdn3.123rf.com
mookie1.com
res-x.com
scribblelive.com
admob.com
impact-ad.jp
serving-sys.com
inner-active.mobi
socialgamenet.com
reddit.com
flurry.com
data.cmcore.com
kik.com
action.media6degrees.com
bh.contextweb.com
channeladvisor.com
gals.sextronix.com
carmax.com
apr.lijit.com
wichro.com
free-online-ocr.com
picsart.com
alphaporno.com
puritanas.com
init-p01st.push.apple.com
waplog.com
vmp.boldchat.com
ssw.live.com
www.creativeapis.com
nur.kz
dickssportinggoods.com
u-ads.adap.tv
ad4.liverail.com
img.ed4.net
www.classicshell.net
ask.fm
farmheroesmobile.king.com
fliptoast.com
imageshack.us
pop6.com
intellicast.com
ow.ly
tubemogul.com
ads.undertone.com
soloboxeo.com
kontagent.net
launchermsg.3g.net.cn
zynga.com
data.ero-advertising.com
ifunny.mobi
zwigglers.com
xiti.com
cams.com
mozilla.net
googlevideo.com
goo.gl
admarvel.com
pixlr.com
go.com
burstnet.com
ctiles.waze.com
local12.com
image.trucktrend.com
toplist.cz
ask.com
acookie.alibaba.com
pagetopremiere.com
cashort.weixin.qq.com
doubletwist.com
socialgrowthtechnologies.com
radrevieweasy.com
penesalud.com
swrve.com
goodphone.mobi
hulu.com
my.frooition.com
woopra.com
banners.adultfriendfinder.com
xtremelabs.com
scorecardresearch.com
cdn.flashtalking.com
3g.cn
global.frooition.com
fjcdn.com
milforia.com
cdnjs.cloudflare.com
tellmemorecampus.com
shop.pr
viber.com
agkn.com
count.channeladvisor.com
slacksoft.co.uk
cloudfront.net
textie.me
adxpansion.com
static.icarito.cl
manager.textcutie.com
newkinetix.com
zedo.com
nrdp.nccp.netflix.com
msrch.com
style.aliunicorn.com
tagged.com
customaniacs.org
flowhot.info
app.topstcn.com
h2porn.com
s.clickability.com
qaix.com
img-cdn.mediaplex.com
connexity.net
images.ak.instagram.com
quickplay.com
socialquantum.ru
alicdn.com
rc.rlcdn.com
eas21.emediate.eu
radar.cedexis.com
wow.eleden.com
d1.tentaculos.net
usmagazine.com
static.gigwise.com
cdn.download.comodo.com
adjuggler.net
ws.audioscrobbler.com
track.appsflyer.com
com.ar
gui.brazzersmobile.com
x.mochiads.com
grepolis.com
img.alibaba.com
log.go.com
addictedtocelebrities.com
upload.ecvv.com
m1.paperblog.com
airg.com
live.com
brazzersmobile.com
bbc.co.uk
netdna.com
jw.org
r.mobpartner.mobi
sgnapps.com
www.google.com.pr
s.thebrighttag.com
pubsub-0.pubnub.com
o1.t26.net
sony.com
static.chartbeat.com
a3.mzstatic.com
cdn.optimizely.com
smartadserver.com
adsrvr.org
google-analytics.com
contextweb.com
adsdumpo.com
duba.net
awmads.com
dnl-07.geo.kaspersky.com
ads.lfstmedia.com
homefilmplace.com
static.cerdas.com
elgenero.com
adform.net
UNKNOWN
fuq.com
alibaba.com
ads.juicyads.com
criteo.com
img-ex.metaps.com
baynote.net
b.monetate.net
manhunt.net
msn.com
doubleclick.net
hotwords.com.br
openoffice.org
bookingbuddy.com
exoclick.com
jquery.com
ap.lijit.com
uncensoredpartylines.com
prod.realtimevc.ros.rockstargames.com
mobsafe.update.360safe.com
ultimedia.com
trafficfactory.biz
midealervirtual.com
mlb.com
crtl.aimatch.com
d.turn.com
notify2.dropbox.com
peel.com
ideal.es
ign.com
u.dxsvr.com
weather.com
economictimes.indiatimes.com
addthis.com
flightarrivals.com
edgecastcdn.net
quieroimagenes.com
oakley.com
superfish.com
reference.com
controled.epi.es
blogspot.com
delivery.trafficforce.com
pasta.dianxinos.com
widgets.amung.us
samsungapps.com
naver.com
touchtunes.com
soundcloud.com
adshost1.com
ads.mp.mydas.mobi
data.flurry.com
notify7.dropbox.com
wordpress.com
applovin.com
baidu.com
d.xp1.ru4.com
beacon-1.newrelic.com
uprm.edu
sportsauthority.com
smartsoftmobile.com
ad.turn.com
ooyala.com
mobile.xshare.com
kau.li
soma.smaato.net
ptwc.weather.gov
ultra-vid.com
tag.contextweb.com
init.gc.apple.com
hp.com
style.aliexpress.com
epom.com
i00.i.aliimg.com
pixfuture.net
origin.com
247realmedia.com
r2---sn-2gcp-nw0e.c.youtube.com
coremetrics.com
survey.112.2o7.net
mp3.wapos.ru
pubsub.pubnub.com
ebay.com
handango.com
chuckecheesespr.com
mobilecrush.king.com
dbt.io
chillingo.com
pix04.revsci.net
windowsupdate.com
apt.modmyi.com
minijuegos.com
ibm.com
collider.com
static01.evisos.com
android.co.rs
doodlemobile.com
walmartpr.com
g.adspeed.net
cache.specificmedia.com
p.chango.com
petrescuemobile.king.com
andomedia.com
nexac.com
prod.cs.ros.rockstargames.com
traffichaus.com
vindicosuite.com
justjared.com
exelator.com
mc.yandex.ru
telemundopr.com
saymedia.com
mobile.trustgo.com
r.openx.net
riverbanks.org
weheartit.com
tinypic.com
rtb.nexage.com
tencent.com
finerminds.com
livefyre.com
img.direct-tap.com
fanaticinema.com
assetfiles.com
mobilefp.zenfs.com
2517d.v.fwmrm.net
topshop.com
diariolavoz.net
craigslist.org
sitemeter.com
openx.net
batanga.bz
prod.ros.rockstargames.com
elvocero.com
rapgenius.com
ad.samsungadhub.com
asianfanfics.com
btrll.com
r.turn.com
fs7.motosport.com
miniclip.com
jcs.qeep.net
veruta.com
download.comodo.com
univision.com
www.google.com
openmobilepr.com
mp3xd.com
s21.sitemeter.com
altfarm.mediaplex.com
ih.adscale.de
35tool.com
sexfinder.com
lan3rd.line.me
cachefly.net
linkedin.com
serve.popads.net
gigya.com
adobe.com
bsnpr.com
pixel.mathtag.com
elgg.org
militarysurpluspotsandpans.com
r.casalemedia.com
starmedia.com
mcnemanager.com
scoreloop.com
bitdefenders.iobit.com
bimvid.com
liveupdate1.scribblelive.com
steelhousemedia.com
accuweather.com
redir.adap.tv
naturalmotiongames.com
adcolony.com
sportlemon.tv
shopyourway.com
xtra1.gpsonextra.net
use.typekit.com
motosport.com
flowhot.net
api.w3i.com
rubiconproject.com
goappcenter.goforandroid.com
riotgames.com
api.picsart.com
phonegap.com
bizrate.com
ning.com
storage.conduit.com
tubealliance.com
nbcnews.com
ce.lijit.com
adofm.fr
sp.ad.adlantis.jp
contentdef.com
visualon.com
media.fastclick.net
1mobile.com
i01.i.aliimg.com
media.topshop.com
cdn.fueled.ciegames.com
nbcconnecticut.com
tags.expo9.exponential.com
holahot.com
gustazos.com
cacerts.digicert.com
mangahere.com
iframes.wamcash.com
urlfilter.vmn.net
wooga.com
beeg.com
adtechus.com
microsoft.com
media.go2speed.org
villatropical.com
whos.amung.us
xg4ken.com
imgur.com
skype.com
yashi.com
fogproducts.com
images.guitarcenter.com
grindr.com
xenocube.com
fanpop.com
i2.esmas.com
sport.es
pixel.sitescout.com
tinyco.com
vserv.mobi
ads.bluelithium.com
umeng.com
badoo.com
g.e-hentai.org
houseoffuns.com
tracking.searchmarketing.com
socialstream.ustream.tv
clasificadosonline.com
cdn.cxense.com
cdn1.inner-active.mobi
pubmatic.com
static.uniblue.com
files.uniblue.com
pixel.everesttech.net
addirector.vindicosuite.com
orgasmatrix.com
static.genericlink.com
oascentral.gfradnetwork.net
assets.resultspage.com
pubads.g.doubleclick.net
sync.mathtag.com
wunderground.com
hollisterco.com
173.255.250.41
notify3.dropbox.com
creative-mobile.com
images.bimedia.net
alert.services.conduit.com
oryte.com
brcdn.com
xshare.com
admax.nexage.com
peroquedescuentos.com
z026.fma.fb.me:80
mobile.juicyads.com
facebook.com
disqus.com
ads.ero-advertising.com
yahoo.com
tango.me
tumblr.com
teamlava.com
latimes.com
omegle.com
cam4.com
renderosity.com
verisign.com
appads.com
j.maxmind.com
oovoo.com
samsungmobile.com
ozlive.idle-games.com
yumenetworks.com
ironmanstore.com
youjizz.com
amigo.com
www75.oakley.com
hz.mmstat.com
cdn.mediafire.com
getbiggerdeals.com
static.boxrec.com
lijit.com
api.skype.com
cdn.viber.com
dramafever.com
amazon.com
bea4.v.fwmrm.net
ad.doubleclick.net
thq.com
log.optimizely.com
adspaces.ero-advertising.com
boxrec.com
imagefap.com
google.com
amigosardientes.com
googlecommerce.com
youtu.be
ilyondynamics.com
cdn0.nflximg.net
tsa.imageg.net
xiami.net
mp3skull.com
so1.akam.nflximg.com
wonderhill.com
skout.com
trb.com
clientupdater.raptr.com
sync.adap.tv
a5.mzstatic.com
ero-advertising.com
clasificadospr.com
king.com
mobile.wattpad.com
porn.xxx
images.arcadja.com
doublepimp.com
wapa.tv
update.uniblue.com
pps.tv
247apps.net
madthumbscdn.com
airpush.com
bling1.midasplayer.com
ogqcorp.com
mgid.com
ad.360yield.com
omniture.shopstyle.com
secure-us.imrworldwide.com
us.launcher.battle.net
apollo.dl.playstation.net
radiotime.com
stat.flashtalking.com
telesurtv.net
ak.imgfarm.com
a.tribalfusion.com
salsaybachata.com
adam4adam.com
gelbooru.com
live.fueled.ciegames.com
fbcdn-profile-a.akamaihd.net
atdmt.com
mlstatic.com
xboxlive.com
fus01.ps4.update.playstation.net
primerahora.com
instagram.com
idpix.media6degrees.com
msftncsi.com
wtp101.com
crunchyroll.com
hi5.com
download.newnext.me
top.brbpics.com
bob-ets-wsg.gameloft.com
adadvisor.net
specificclick.net
playtika.com
s0.uvnimg.com
t4.liverail.com
fota-cloud-dn.ospserver.net
img.pulsemgr.com
playhaven.com
gameloft.com
apir.direct-tap.com
akaqa.com
pinimg.com
sales.liveperson.net
176.9.103.85
wikia.com
w55c.net
roleplayer.me
pornoxo.com
funformobile.com
rp.gwallet.com
apps-builder.com
confirmation.gameloft.com
notify8.dropbox.com
estaticos02.lne.es
vlingo.com
futuregamesoflondon.com
aviary.com
thetrafficstat.net
norton.com
turner.com
mapas.wapa.tv
servedby.flashtalking.com
cydia.zodttd.com
bing.com
nba.com
buzzfeed.com
emp3world.com
download.amd.com
stubhub.com
cdn1.nflximg.net
suagm.edu
37.252.3.244
static-mobile.brazzers.com
push.tagged.com
thumbnail.api.livestream.com
ptvcdn.net
peru.com
greystripe.com
pxladdicts.com
adscale.de
el-nacional.com
www.appleiphonecell.com
batsdk.baidu.com
b.sportbets.com
ads.adk2.com
orkugifs.com
js.nlx.org
dojo.cloudapp.net
photobucket.com
notify9.dropbox.com
e.nexac.com
qq.com
reporo.net
eas4.emediate.eu
aptoide.com
guitarcenter.com
dailymotion.com
ads.genericlink.com
nimblebit.com
tinyurl.com
lbsonline.pushct.baidu.com
htc.com
prod.gl.eternal.klabgames.net
lunosoftware.com
brightcove.com
badoink.com
viki.com
naiadsystems.com
pinterest.com
bluekai.com
hlserve.com
tracking.publicidees.com
wikipedia.org
twoo.com
img59.imageshack.us
xvideos.com
repo.insanelyi.com
odb.outbrain.com
liverail.com
certificates.godaddy.com
c.statcounter.com
shoedazzle.com
chaturbate.com
naturalmotion.com
krxd.net
collective-media.net
mp3poisk.net
walgreens.com
dl2.htc.com
monetate.net
papayamobile.com
sump.uniblue.com.s3.amazonaws.com
elclasificado.com
req.appads.com
gotgayporn.com
adserver.adtechus.com
dg.specificclick.net
herewetest.com
wattpad.com
neonplay.com
amazonaws.com
counter.yadro.ru
alog.umeng.com
d.adroll.com
deviantart.com
t-mobile.com
pandora.com
avg.com
feedjit.com
sstatic1.histats.com
xnxx.com
cedexis.com
spotify.com
tegrazone.com
data.nba.com
display.provenpixel.com
snapchat.com
ijinshan.com
redtube.com
inmobi.com
lululemon.com
my.mobfox.com
static2.fatwalletcdn.com
mobile-game.cartown.com
l.sharethis.com
redcross.org
temagay.com
sonobi.com
zcache.com
cdn-static.liverail.com
taringa.net
earthquake.usgs.gov
cas.criteo.com
kn3.net
wolframcdn.com
apple.com
zedge.net
imgcache.clasificadosonline.com
libs.coremetrics.com
images.peekyou.com
ads.ad4game.com
madsextube.com
latinsoulstudio.com
lainformacion.com
iminent.com
pandasecurity.com
lebanesemall.com
analytics.localytics.com
bogota.vive.in
resource.icarito.cl
lne.es
r3---sn-2gcp-nw0e.googlevideo.com
static.eplayer.performgroup.com
trafficjunky.net
chimesuperior.com
juegosjuegos24.com
amazon-adsystem.com
everestjs.net
youtube.com
cellfish.com
stat.alibaba.com
sextronix.com
